{
    "status":0,
    "message":"ok",
    "result":[
        {
            "name":"天安门",
            "location":{
                "lat":39.915119,
                "lng":116.403963
            },
            "uid":"65e1ee886c885190f60e77ff",
            "province":"北京市",
            "city":"北京市",
            "district":"东城区",
            "business":"",
            "cityid":"131",
            "tag":"风景区",
            "address":"北京市-东城区-长安街",
            "children":[
                {
                    "uid":"fd975efc10193656734b879a",
                    "name":"天安门-入口 北京市东城区",
                    "show_name":"入口"
                },
                {
                    "uid":"eea3f9dd77b6ddfd980050f0",
                    "name":"天安门-北一号门 ",
                    "show_name":"北一号门"
                },
                {
                    "uid":"e6ee2fd26fcc65482b11d179",
                    "name":"天安门-存取包处 北京市东城区",
                    "show_name":"存取包处"
                },
                {
                    "uid":"f7a0d122f3307a767dc876f1",
                    "name":"天安门-城楼检票处(入口) 北京市东城区",
                    "show_name":"城楼检票处(入口)"
                },
                {
                    "uid":"970b4739a91efb3c43ab9aeb",
                    "name":"天安门-出口 北京市东城区",
                    "show_name":"出口"
                },
                {
                    "uid":"4b552dfaafdee2f8220220a3",
                    "name":"天安门城楼售票处 北京市东城区",
                    "show_name":"城楼售票处"
                }
            ],
            "adcode":"110101"
        },
        {
            "name":"天安门广场",
            "location":{
                "lat":39.909652,
                "lng":116.404177
            },
            "uid":"c9b5fb91d49345bc5d0d0262",
            "province":"北京市",
            "city":"北京市",
            "district":"东城区",
            "business":"",
            "cityid":"131",
            "tag":"旅游景点",
            "address":"北京市-东城区-东长安街",
            "children":[

            ],
            "adcode":"110101"
        },
        {
            "name":"天安门东-地铁站",
            "location":{
                "lat":39.914083,
                "lng":116.407913
            },
            "uid":"940aeb3c98d5a0218a2fb5de",
            "province":"北京市",
            "city":"北京市",
            "district":"东城区",
            "business":"",
            "cityid":"131",
            "tag":"地铁站",
            "address":"",
            "children":[

            ],
            "adcode":"110101"
        },
        {
            "name":"天安门广场-国旗",
            "location":{
                "lat":39.91328,
                "lng":116.403931
            },
            "uid":"4ae2adcf574bcd2b38221c66",
            "province":"北京市",
            "city":"北京市",
            "district":"东城区",
            "business":"",
            "cityid":"131",
            "tag":"旅游景点",
            "address":"北京市-东城区-天安门广场内",
            "children":[

            ],
            "adcode":"110101"
        },
        {
            "name":"天安门西-地铁站",
            "location":{
                "lat":39.913776,
                "lng":116.398036
            },
            "uid":"002975204d3b1e9b9968b4de",
            "province":"北京市",
            "city":"北京市",
            "district":"西城区",
            "business":"",
            "cityid":"131",
            "tag":"地铁站",
            "address":"",
            "children":[

            ],
            "adcode":"110102"
        },
        {
            "name":"天安门-华表",
            "location":{
                "lat":39.91433,
                "lng":116.404413
            },
            "uid":"3ff8be14bf465f3682288ac1",
            "province":"北京市",
            "city":"北京市",
            "district":"东城区",
            "business":"",
            "cityid":"131",
            "tag":"风景区",
            "address":"北京市-东城区-天安门内",
            "children":[

            ],
            "adcode":"110101"
        },
        {
            "name":"天安门广场-出入口",
            "location":{
                "lat":39.911326,
                "lng":116.40249
            },
            "uid":"797c4f6023068d0ceedfcaf9",
            "province":"北京市",
            "city":"北京市",
            "district":"东城区",
            "business":"",
            "cityid":"131",
            "tag":"出入口",
            "address":"北京市-东城区-广场西侧路",
            "children":[

            ],
            "adcode":"110101"
        },
        {
            "name":"国家大剧院-东北停车场",
            "location":{
                "lat":39.912734,
                "lng":116.397594
            },
            "uid":"71a99f96342deefd283a9fa9",
            "province":"北京市",
            "city":"北京市",
            "district":"西城区",
            "business":"",
            "cityid":"131",
            "tag":"停车场",
            "address":"北京市-西城区-人大会堂西路与西长安街交叉口南100米",
            "children":[

            ],
            "adcode":"110102"
        },
        {
            "name":"天安门广场-出入口",
            "location":{
                "lat":39.913346,
                "lng":116.405481
            },
            "uid":"e8290678a3e0b98aee74f83b",
            "province":"北京市",
            "city":"北京市",
            "district":"东城区",
            "business":"",
            "cityid":"131",
            "tag":"出入口",
            "address":"北京市-东城区-东长安街",
            "children":[

            ],
            "adcode":"110101"
        },
        {
            "name":"天安门东-公交车站",
            "location":{
                "lat":39.914198,
                "lng":116.408332
            },
            "uid":"947c13ba353f9123dbd891fb",
            "province":"北京市",
            "city":"北京市",
            "district":"东城区",
            "business":"",
            "cityid":"131",
            "tag":"公交站",
            "address":"",
            "children":[

            ],
            "adcode":"110101"
        }
    ]
}